2026-07-15 22:12:47 - Launching session.py
2026-07-15 22:12:48 - Python PID = 4456
2026-07-15 22:12:48 - Waiting for Python to exit
2026-07-15 22:12:48 - Python exited normally
2026-07-15 22:12:48 - Cleanup (reason=Exit)
2026-07-15 22:13:35 - Launching session.py
2026-07-15 22:13:35 - Python PID = 6856
2026-07-15 22:13:35 - Waiting for Python to exit
2026-07-15 22:13:36 - Python exited normally
2026-07-15 22:13:36 - Cleanup (reason=Exit)
2026-07-15 22:25:06 - Launching session.py
2026-07-15 22:25:06 - Python PID = 31016
2026-07-15 22:25:06 - Waiting for Python to exit
2026-07-15 22:25:06 - Python exited normally
2026-07-15 22:25:06 - Cleanup (reason=Exit)
2026-07-15 22:27:43 - Launching session.py
2026-07-15 22:27:43 - Python PID = 30284
2026-07-15 22:27:43 - Waiting for Python to exit
2026-07-15 22:27:43 - Python exited normally
2026-07-15 22:27:43 - Cleanup (reason=Exit)
2026-07-15 23:08:54 - Launching session.py
2026-07-15 23:08:54 - Python PID = 4288
2026-07-15 23:08:54 - Waiting for Python to exit
2026-07-15 23:08:55 - Python exited normally
2026-07-15 23:08:55 - Cleanup (reason=Exit)
2026-07-16 11:41:18 - Launching session.py
2026-07-16 11:41:18 - Python PID = 26948
2026-07-16 11:41:18 - Waiting for Python to exit
2026-07-16 11:41:18 - Python exited normally
2026-07-16 11:41:18 - Cleanup (reason=Exit)
2026-07-16 15:24:12 - Launching session.py
2026-07-16 15:24:12 - Python PID = 5336
2026-07-16 15:24:12 - Waiting for Python to exit
2026-07-16 15:24:12 - Python exited normally
2026-07-16 15:24:12 - Cleanup (reason=Exit)
2026-07-17 14:08:13 - Launching session.py
2026-07-17 14:08:13 - Python PID = 27168
2026-07-17 14:08:13 - Waiting for Python to exit
2026-07-17 14:08:13 - Python exited normally
2026-07-17 14:08:13 - Cleanup (reason=Exit)
2026-07-17 17:09:19 - Launching session.py
2026-07-17 17:09:19 - Python PID = 25700
2026-07-17 17:09:19 - Waiting for Python to exit
2026-07-17 17:09:19 - Python exited normally
2026-07-17 17:09:19 - Cleanup (reason=Exit)
2026-07-17 18:43:01 - Launching session.py
2026-07-17 18:43:01 - Python PID = 21560
2026-07-17 18:43:01 - Waiting for Python to exit
2026-07-17 18:43:01 - Python exited normally
2026-07-17 18:43:01 - Cleanup (reason=Exit)
2026-07-17 19:29:01 - Launching session.py
2026-07-17 19:29:01 - Python PID = 3288
2026-07-17 19:29:01 - Waiting for Python to exit
2026-07-17 19:29:01 - Python exited normally
2026-07-17 19:29:01 - Cleanup (reason=Exit)
2026-07-18 13:17:34 - Launching session.py
2026-07-18 13:17:34 - Python PID = 27152
2026-07-18 13:17:34 - Waiting for Python to exit
2026-07-18 13:17:35 - Python exited normally
2026-07-18 13:17:35 - Cleanup (reason=Exit)
2026-07-18 21:14:26 - Launching session.py
2026-07-18 21:14:26 - Python PID = 29100
2026-07-18 21:14:26 - Waiting for Python to exit
2026-07-18 21:14:26 - Python exited normally
2026-07-18 21:14:26 - Cleanup (reason=Exit)
2026-07-18 21:20:33 - Launching session.py
2026-07-18 21:20:33 - Python PID = 22056
2026-07-18 21:20:33 - Waiting for Python to exit
2026-07-18 21:20:34 - Python exited normally
2026-07-18 21:20:34 - Cleanup (reason=Exit)
2026-07-18 21:28:23 - Launching session.py
2026-07-18 21:28:23 - Python PID = 18704
2026-07-18 21:28:23 - Waiting for Python to exit
2026-07-18 21:28:24 - Python exited normally
2026-07-18 21:28:24 - Cleanup (reason=Exit)
2026-07-18 21:30:24 - Launching session.py
2026-07-18 21:30:24 - Python PID = 32336
2026-07-18 21:30:24 - Waiting for Python to exit
2026-07-18 21:30:25 - Python exited normally
2026-07-18 21:30:25 - Cleanup (reason=Exit)
2026-07-18 21:31:15 - Launching session.py
2026-07-18 21:31:15 - Python PID = 31588
2026-07-18 21:31:15 - Waiting for Python to exit
2026-07-18 21:31:16 - Python exited normally
2026-07-18 21:31:16 - Cleanup (reason=Exit)
2026-07-18 21:32:01 - Launching session.py
2026-07-18 21:32:01 - Python PID = 25520
2026-07-18 21:32:01 - Waiting for Python to exit
2026-07-18 21:32:01 - Python exited normally
2026-07-18 21:32:01 - Cleanup (reason=Exit)
2026-07-18 21:34:34 - Launching session.py
2026-07-18 21:34:34 - Python PID = 32336
2026-07-18 21:34:34 - Waiting for Python to exit
2026-07-18 21:34:35 - Python exited normally
2026-07-18 21:34:35 - Cleanup (reason=Exit)
2026-07-18 21:35:12 - Launching session.py
2026-07-18 21:35:12 - Python PID = 29556
2026-07-18 21:35:12 - Waiting for Python to exit
2026-07-18 21:35:13 - Python exited normally
2026-07-18 21:35:13 - Cleanup (reason=Exit)
2026-07-18 21:36:18 - Launching session.py
2026-07-18 21:36:18 - Python PID = 29816
2026-07-18 21:36:18 - Waiting for Python to exit
2026-07-18 21:36:19 - Python exited normally
2026-07-18 21:36:19 - Cleanup (reason=Exit)
2026-07-18 21:37:51 - Launching session.py
2026-07-18 21:37:51 - Python PID = 18628
2026-07-18 21:37:51 - Waiting for Python to exit
2026-07-18 21:37:52 - Python exited normally
2026-07-18 21:37:52 - Cleanup (reason=Exit)
2026-07-18 21:38:33 - Launching session.py
2026-07-18 21:38:33 - Python PID = 32036
2026-07-18 21:38:33 - Waiting for Python to exit
2026-07-18 21:38:34 - Python exited normally
2026-07-18 21:38:34 - Cleanup (reason=Exit)
2026-07-18 21:40:26 - Launching session.py
2026-07-18 21:40:26 - Python PID = 13288
2026-07-18 21:40:26 - Waiting for Python to exit
2026-07-18 21:40:27 - Python exited normally
2026-07-18 21:40:27 - Cleanup (reason=Exit)
2026-07-19 17:09:55 - Launching session.py
2026-07-19 17:09:55 - Python PID = 24352
2026-07-19 17:09:55 - Waiting for Python to exit
2026-07-19 17:09:55 - Python exited normally
2026-07-19 17:09:55 - Cleanup (reason=Exit)
2026-07-19 19:29:23 - Launching session.py
2026-07-19 19:29:23 - Python PID = 26000
2026-07-19 19:29:23 - Waiting for Python to exit
2026-07-19 19:29:23 - Python exited normally
2026-07-19 19:29:23 - Cleanup (reason=Exit)
2026-07-20 12:38:44 - Launching session.py
2026-07-20 12:38:44 - Python PID = 16904
2026-07-20 12:38:44 - Waiting for Python to exit
2026-07-20 12:38:44 - Python exited normally
2026-07-20 12:38:44 - Cleanup (reason=Exit)
